{
  "type": "element",
  "raw": "<test-host><gst-fake-shadow><!-- #root --><div id=\"el\"><!-- #ref --><div1 gst-warning-is-unknown=\"\"></div1><div2 gst-warning-is-unknown=\"\"></div2><div0 gst-warning-is-unknown=\"\"></div0><div3 gst-warning-is-unknown=\"\"></div3></div><!-- #withId --></gst-fake-shadow></test-host>",
  "name": "foreach__el_insert_middle"
}